---
source: src/syntax/reader/read.rs
expression: root.unwrap()
---
Root @ 0..7
  Pair @ 1..6
    head:
      Atom @ 1..2
        Number(1)
    tail:
      Pair @ 3..6
        head:
          Atom @ 3..4
            Number(2)
        tail:
          Pair @ 5..6
            head:
              Atom @ 5..6
                Number(3)
            tail:
              Nil
